** Drc report for C:\Users\Yann\Documents\GitHub\ATMEGA324_MTR_DRV_PCB\nRF24L01_mtr_driver\nRF24L01_mtr_driver.kicad_pcb **
** Created on  **

** Found 0 DRC errors **

** Found 32 unconnected pads **
ErrType(2): Unconnected pads
    @ (103.599 mm,50.927 mm): Pad 2 on F.Cu, Non-copper of U4 net /VBAT_S
    @ (101.219 mm,51.070 mm): Pad 1 on F.Cu, Non-copper of C29
ErrType(2): Unconnected pads
    @ (68.168 mm,70.574 mm): Pad 29 on B.Cu, Non-copper of U1 net /LED1
    @ (62.953 mm,59.436 mm): Pad 20 on F.Cu, Non-copper of J2
ErrType(2): Unconnected pads
    @ (80.412 mm,51.943 mm): Pad 2 on B.Cu, Non-copper of C45 net GNDA
    @ (79.752 mm,52.748 mm): Pad 1 on F.Cu, Non-copper of U3
ErrType(2): Unconnected pads
    @ (68.453 mm,69.596 mm): Pad 3 on F.Cu, Non-copper of J2 net GNDA
    @ (68.168 mm,71.374 mm): Pad 28 on B.Cu, Non-copper of U1
ErrType(2): Unconnected pads
    @ (74.507 mm,66.294 mm): Pad 2 on F.Cu, Non-copper of C8 net GNDA
    @ (76.412 mm,62.865 mm): Pad 2 on F.Cu, Non-copper of C49
ErrType(2): Unconnected pads
    @ (85.565 mm,75.692 mm): Pad 4 on F.Cu, Non-copper of U8 net GNDA
    @ (84.243 mm,75.311 mm): Pad 1 on B.Cu, Non-copper of C4
ErrType(2): Unconnected pads
    @ (71.864 mm,81.750 mm): Pad 2 on F.Cu, Non-copper of S1 net GNDA
    @ (71.247 mm,81.873 mm): Pad 2 on B.Cu, Non-copper of C1
ErrType(2): Unconnected pads
    @ (115.824 mm,52.451 mm): Pad 5 on B.Cu, Non-copper of U13 net GNDA
    @ (84.954 mm,50.406 mm): Pad 2 on B.Cu, Non-copper of C43
ErrType(2): Unconnected pads
    @ (82.728 mm,71.374 mm): Pad 4 on B.Cu, Non-copper of Y1 net GNDA
    @ (83.143 mm,69.723 mm): Pad 2 on B.Cu, Non-copper of C3
ErrType(2): Unconnected pads
    @ (79.324 mm,57.981 mm): Pad 1 on B.Cu, Non-copper of R36 net GNDA
    @ (78.156 mm,58.183 mm): Pad 2 on B.Cu, Non-copper of C46
ErrType(2): Unconnected pads
    @ (76.412 mm,62.865 mm): Pad 2 on F.Cu, Non-copper of C49 net GNDA
    @ (77.512 mm,61.468 mm): Pad 2 on F.Cu, Non-copper of C48
ErrType(2): Unconnected pads
    @ (70.866 mm,72.559 mm): Pad 2 on F.Cu, Non-copper of C10 net GNDA
    @ (73.952 mm,73.355 mm): Pad 1 on F.Cu, Non-copper of D6
ErrType(2): Unconnected pads
    @ (68.104 mm,57.460 mm): Pad 3 on B.Cu, Non-copper of U2 net GNDA
    @ (70.104 mm,57.785 mm): Pad 17 on B.Cu, Non-copper of U2
ErrType(2): Unconnected pads
    @ (68.168 mm,71.374 mm): Pad 28 on B.Cu, Non-copper of U1 net GNDA
    @ (70.866 mm,72.559 mm): Pad 2 on F.Cu, Non-copper of C10
ErrType(2): Unconnected pads
    @ (80.168 mm,71.374 mm): Pad 6 on B.Cu, Non-copper of U1 net GNDA
    @ (82.728 mm,71.374 mm): Pad 4 on B.Cu, Non-copper of Y1
ErrType(2): Unconnected pads
    @ (71.713 mm,51.435 mm): Pad 2 on F.Cu, Non-copper of C13 net GNDA
    @ (75.480 mm,51.435 mm): Pad 2 on F.Cu, Non-copper of C9
ErrType(2): Unconnected pads
    @ (83.883 mm,71.141 mm): Pad 1 on F.Cu, Non-copper of C35 net GNDA
    @ (82.728 mm,71.374 mm): Pad 4 on B.Cu, Non-copper of Y1
ErrType(2): Unconnected pads
    @ (83.693 mm,76.793 mm): Pad 1 on B.Cu, Non-copper of C36 net GNDA
    @ (84.243 mm,75.311 mm): Pad 1 on B.Cu, Non-copper of C4
ErrType(2): Unconnected pads
    @ (71.120 mm,59.728 mm): Pad 1 on F.Cu, Non-copper of D3 net GNDA
    @ (71.079 mm,59.785 mm): Pad 13 on B.Cu, Non-copper of U2
ErrType(2): Unconnected pads
    @ (75.426 mm,53.975 mm): Pad 2 on B.Cu, Non-copper of C2 net GNDA
    @ (75.438 mm,56.811 mm): Pad 2 on B.Cu, Non-copper of C5
ErrType(2): Unconnected pads
    @ (78.257 mm,72.254 mm): Pad 2 on F.Cu, Non-copper of C7 net GNDA
    @ (80.168 mm,71.374 mm): Pad 6 on B.Cu, Non-copper of U1
ErrType(2): Unconnected pads
    @ (65.617 mm,58.801 mm): Pad 2 on B.Cu, Non-copper of C6 net GNDA
    @ (68.104 mm,57.460 mm): Pad 3 on B.Cu, Non-copper of U2
ErrType(2): Unconnected pads
    @ (118.787 mm,52.832 mm): Pad 1 on F.Cu, Non-copper of C22 net 5V0_MCU
    @ (84.332 mm,52.748 mm): Pad 3 on F.Cu, Non-copper of U3
ErrType(2): Unconnected pads
    @ (63.246 mm,82.804 mm): Pad 2 on F.Cu, B.Cu, Internal, Non-copper of J7 net 5V0_MCU
    @ (74.745 mm,83.185 mm): Pad 1 on B.Cu, Non-copper of R1
ErrType(2): Unconnected pads
    @ (92.329 mm,65.363 mm): Pad 2 on B.Cu, Non-copper of C40 net 5V0_PWR
    @ (93.980 mm,57.674 mm): Pad 1 on F.Cu, Non-copper of L2
ErrType(2): Unconnected pads
    @ (79.901 mm,47.691 mm): Pad 3 on B.Cu, Non-copper of U11 net 3V3_MCU
    @ (77.639 mm,52.197 mm): Pad 1 on B.Cu, Non-copper of C16
ErrType(2): Unconnected pads
    @ (97.663 mm,66.421 mm): Pad 1 on F.Cu, Non-copper of TP2 net 12V_PWR
    @ (97.409 mm,63.923 mm): Pad 1 on F.Cu, Non-copper of C18
ErrType(2): Unconnected pads
    @ (100.355 mm,48.015 mm): Pad 2 on F.Cu, Non-copper of C33 net Net-(C33-Pad2)
    @ (103.055 mm,48.006 mm): Pad 1 on F.Cu, Non-copper of R30
ErrType(2): Unconnected pads
    @ (84.750 mm,47.450 mm): Pad 1 on B.Cu, Non-copper of Q5 net Net-(Q5-Pad1)
    @ (82.101 mm,47.691 mm): Pad 4 on B.Cu, Non-copper of U11
ErrType(2): Unconnected pads
    @ (79.324 mm,57.081 mm): Pad 2 on B.Cu, Non-copper of R36 net Net-(C46-Pad1)
    @ (79.078 mm,58.105 mm): Pad 3 on F.Cu, Non-copper of U15
ErrType(2): Unconnected pads
    @ (76.708 mm,59.494 mm): Pad 2 on B.Cu, Non-copper of R37 net Net-(C47-Pad1)
    @ (76.835 mm,58.108 mm): Pad 1 on B.Cu, Non-copper of R34
ErrType(2): Unconnected pads
    @ (103.599 mm,52.197 mm): Pad 3 on F.Cu, Non-copper of U4 net /SW
    @ (100.355 mm,49.115 mm): Pad 1 on F.Cu, Non-copper of C33

** End of Report **
